Microsoft (R) Macro Assembler Version 14.00.24210.0	    12/08/16 13:37:59
Connect Four Assembler Cod				     Page 1 - 1


				TITLE Connect Four Assembler Code

				;Program Description: Connect Four written entirely in assembler, algorithms and all
				;Author:			Kathleen, Andrew, Ryan, Jusice
				;Creation Date:               12/01/2016
				;Latest Revision:			  12/07/2016
				 
				; 32-bit assembly language template

				INCLUDE Irvine32.inc
			      C ; Include file for Irvine32.lib             (Irvine32.inc)
			      C 
			      C ;OPTION CASEMAP:NONE		; optional: make identifiers case-sensitive
			      C 
			      C INCLUDE SmallWin.inc		; MS-Windows prototypes, structures, and constants
			      C .NOLIST
			      C .LIST
			      C 
			      C INCLUDE VirtualKeys.inc
			      C ; VirtualKeys.inc
			      C .NOLIST
			      C .LIST
			      C 
			      C 
			      C .NOLIST
			      C .LIST
			      C 

				;----------------------------DATA----------------------------------------
 00000000			.data

 00000000 50 6C 61 79 65	p1Prompt BYTE "Player 1: what is your name? ",0		;ask players names
	   72 20 31 3A 20
	   77 68 61 74 20
	   69 73 20 79 6F
	   75 72 20 6E 61
	   6D 65 3F 20 00
 0000001E 50 6C 61 79 65	p2Prompt BYTE "Player 2: what is your name? ",0
	   72 20 32 3A 20
	   77 68 61 74 20
	   69 73 20 79 6F
	   75 72 20 6E 61
	   6D 65 3F 20 00
 0000003C  00000050 [		p1Name DWORD 80 DUP(0)					;holds player names
	    00000000
	   ]
 0000017C  00000050 [		p2Name DWORD 80 DUP(0)
	    00000000
	   ]

 000002BC 01			MM BYTE 1						;main menu user input
 000002BD 4D 41 49 4E 20	MMtitle BYTE "MAIN MENU",0				;main menu prompts and options
	   4D 45 4E 55 00
 000002C7 31 29 20 50 6C	MMplay BYTE "1) Play game",0
	   61 79 20 67 61
	   6D 65 00
 000002D4 32 29 20 49 6E	MMinstructions BYTE "2) Instructions",0
	   73 74 72 75 63
	   74 69 6F 6E 73
	   00
 000002E4 33 29 20 53 65	MMstats BYTE "3) See stats",0
	   65 20 73 74 61
	   74 73 00
 000002F1 34 29 20 45 78	MMexit BYTE "4) Exit",0
	   69 74 00
 000002F9 50 6C 65 61 73	MMprompt BYTE "Please chose a valid value from the main menu (1-4)",0
	   65 20 63 68 6F
	   73 65 20 61 20
	   76 61 6C 69 64
	   20 76 61 6C 75
	   65 20 66 72 6F
	   6D 20 74 68 65
	   20 6D 61 69 6E
	   20 6D 65 6E 75
	   20 28 31 2D 34
	   29 00
 0000032D 4E 6F 74 20 61	MMinvalid BYTE "Not a valid option, please enter a value 1 - 4",0		;if user chooses invalid menu input ask to try again
	   20 76 61 6C 69
	   64 20 6F 70 74
	   69 6F 6E 2C 20
	   70 6C 65 61 73
	   65 20 65 6E 74
	   65 72 20 61 20
	   76 61 6C 75 65
	   20 31 20 2D 20
	   34 00
 0000035C 42 65 20 74 68	instruct BYTE "Be the first to place 4 tiles in a row! Switch off between player 1 and 2 until someone wins or the board fills up.",0
	   65 20 66 69 72
	   73 74 20 74 6F
	   20 70 6C 61 63
	   65 20 34 20 74
	   69 6C 65 73 20
	   69 6E 20 61 20
	   72 6F 77 21 20
	   53 77 69 74 63
	   68 20 6F 66 66
	   20 62 65 74 77
	   65 65 6E 20 70
	   6C 61 79 65 72
	   20 31 20 61 6E
	   64 20 32 20 75
	   6E 74 69 6C 20
	   73 6F 6D 65 6F
	   6E 65 20 77 69
	   6E 73 20 6F 72
	   20 74 68 65 20
	   62 6F 61 72 64
	   20 66 69 6C 6C
	   73 20 75 70 2E
	   00
 000003D0 49 4E 53 54 52	instructionsTitle BYTE "INSTRUCTIONS",0
	   55 43 54 49 4F
	   4E 53 00

 000003DD 50 72 65 73 73	anyKey BYTE "Press any key to continue...",0			;used for sysPause function similar to system("pause") in c++
	   20 61 6E 79 20
	   6B 65 79 20 74
	   6F 20 63 6F 6E
	   74 69 6E 75 65
	   2E 2E 2E 00

 000003FA  0000002A [		board DWORD 42 DUP (?)	;allocates space for a 6x7 board	;array for board
	    00000000
	   ]
 000004A2 00000000		i DWORD 0							;used for display board function to keep track of the outside loop
 000004A6 00000020		blank DWORD " ",0						;blank space for display board
	   00000000
 000004AE 01			inarow BYTE 1							;keep track of the number of tiles in a row for check function
 000004AF 00			col BYTE ?							;separate col variable for check function
 000004B0 00			row BYTE ?							;separate row variable for check function
 000004B1 00000007		seven DWORD 7							;used for mul when accessing array
 000004B5 00000000		validPlace DWORD ?						;used in place tile to ensure validity of column

 000004B9 00000000		colChoice DWORD 0						;users column choice for placing tile
 000004BD 00000000		curCol DWORD 0							;current column the program is on
 000004C1 00000000		placed DWORD 0							;keeps track of number of tiles places and when places == 42 game board is full
 000004C5 2C 20 77 68 65	tileDropPrompt BYTE ", where would you like to drop your tile? (Choose columns 1 - 7)",0	;prompt to see where user wants to drop tilw
	   72 65 20 77 6F
	   75 6C 64 20 79
	   6F 75 20 6C 69
	   6B 65 20 74 6F
	   20 64 72 6F 70
	   20 79 6F 75 72
	   20 74 69 6C 65
	   3F 20 28 43 68
	   6F 6F 73 65 20
	   63 6F 6C 75 6D
	   6E 73 20 31 20
	   2D 20 37 29 00
 00000506 43 6F 6C 75 6D	invalidCol BYTE "Column is full, please choose a different column"		;full column prompt
	   6E 20 69 73 20
	   66 75 6C 6C 2C
	   20 70 6C 65 61
	   73 65 20 63 68
	   6F 6F 73 65 20
	   61 20 64 69 66
	   66 65 72 65 6E
	   74 20 63 6F 6C
	   75 6D 6E
 00000536 50 6C 65 61 73	invalidB BYTE "Please enter a value between 1 and 7: "				;if colChoice is not between 1 and 7, try again
	   65 20 65 6E 74
	   65 72 20 61 20
	   76 61 6C 75 65
	   20 62 65 74 77
	   65 65 6E 20 31
	   20 61 6E 64 20
	   37 3A 20

 0000055C 30			win BYTE 48			;win is going to be a kind of boolean set to either 1 or 0 in ascii
 0000055D 0000000F		player DWORD 15			;player 1 is 15, player 2 is 254 (both ascii characters)
 00000561 20 77 6F 6E 21	winnerTxt BYTE " won!",0	;playerX won!
	   00
 00000567 49 74 27 73 20	drawTxt BYTE "It's a draw!",0	;its a tie!
	   61 20 64 72 61
	   77 21 00

 00000574 20 73 63 6F 72	scorePrompt BYTE " score is ",0		;display player score
	   65 20 69 73 20
	   00
 0000057F 00000000		p1Score DWORD 0		;holds scores of player 1
 00000583 00000000		p2Score DWORD 0		;holds scores of player 2
 00000587 31			againUser BYTE 49	;againUser is a aboolean that is either 1 or 0 in ascii
 00000588 57 6F 75 6C 64	playAgain BYTE "Would you like to play again? Enter 1 for yes and 0 for no: ",0		;again? prompt
	   20 79 6F 75 20
	   6C 69 6B 65 20
	   74 6F 20 70 6C
	   61 79 20 61 67
	   61 69 6E 3F 20
	   45 6E 74 65 72
	   20 31 20 66 6F
	   72 20 79 65 73
	   20 61 6E 64 20
	   30 20 66 6F 72
	   20 6E 6F 3A 20
	   00
 000005C5 54 68 61 6E 6B	endGameMsg BYTE "Thank you for playing connect four, come back soon!",0			;thanks for coming prompt
	   20 79 6F 75 20
	   66 6F 72 20 70
	   6C 61 79 69 6E
	   67 20 63 6F 6E
	   6E 65 63 74 20
	   66 6F 75 72 2C
	   20 63 6F 6D 65
	   20 62 61 63 6B
	   20 73 6F 6F 6E
	   21 00

				;-------------------------------MAIN FUNCTION-------------------------------------
				;executes at runtime
 00000000			.code
 00000000			main proc
 00000000  E8 00000083			call askName				;ask users names at beginning and then not again while program is running

 00000005			BeginGame:
 00000005  E8 000000C1			call mainMenu				;display main menu

 0000000A  80 3D 000002BC R		cmp MM, 49					;if MM == 1 play the game
	   31
 00000011  74 35				je Play
 00000013  80 3D 000002BC R		cmp	MM, 52					;if MM == 4 end the game
	   34
 0000001A  74 4E				je EndGame	
 0000001C  80 3D 000002BC R		cmp MM, 50					;if MM == 2 give instructions and jmp to beginning 
	   32
 00000023  75 07				jne Next
 00000025  E8 00000111				call instructions
 0000002A  EB D9				jmp BeginGame
 0000002C				Next:
 0000002C  80 3D 000002BC R		cmp MM, 51					;if MM == 3 display stats and jmp to beginning 
	   33
 00000033  75 07				jne Next1
 00000035  E8 00000133				call displayStats
 0000003A  EB C9				jmp BeginGame
 0000003C				Next1:
 0000003C  BA 0000032D R			mov edx, offset MMinvalid		;if none of the above are called, then display invalidMM and jmp to beginning 
 00000041  E8 00000000 E			call WriteString
 00000046  EB BD			jmp BeginGame				
					

 00000048			Play:
 00000048  E8 00000175			call playGame
					
 0000004D  B8 0000000F			mov eax, white+(black*16)			;reset screen colors to out of game mode
 00000052  E8 00000000 E		call settextcolor
 00000057  E8 00000000 E		call Clrscr

 0000005C  E8 00000848			call again						;sees if the user wants to play again
 00000061  80 3D 00000587 R		cmp againUser, 49
	   31
 00000068  74 9B			je BeginGame					;if yes, start the game over, if no then continue and thank the user for playing
 0000006A			EndGame:
 0000006A  E8 00000000 E		call Clrscr
 0000006F  BA 000005C5 R		mov edx, offset endGameMsg		;ends program and thanks user for playing
 00000074  E8 00000000 E		call WriteString
 00000079  E8 00000000 E		call Crlf
 0000007E  E8 00000843			call sysPause
					
 00000083  E8 00000000 E		call exitProcess
 00000088			main endp

				;---------------------------------FUNCTION TO ASK USER NAME-----------------------------------
				;function executes at runtime
 00000088			askName PROC USES EAX EDX ECX
 00000088  50		   *	    push   eax
 00000089  52		   *	    push   edx
 0000008A  51		   *	    push   ecx
 0000008B  BA 00000000 R		mov edx, offset p1Prompt		;asks P1 name
 00000090  E8 00000000 E		call WriteString
 00000095  B9 00000050			mov ecx, 80
 0000009A  BA 0000003C R		mov edx, offset p1Name			;reads P1 name
 0000009F  E8 00000000 E		call ReadString
 000000A4  E8 00000000 E		call Crlf

 000000A9  BA 0000001E R		mov edx, offset p2Prompt		;asks P2 name
 000000AE  E8 00000000 E		call Writestring
 000000B3  B9 00000050			mov ecx, 80
 000000B8  BA 0000017C R		mov edx, offset p2Name			;reads P2 name
 000000BD  E8 00000000 E		call ReadString
 000000C2  E8 00000000 E		call Clrscr

					ret
 000000C7  59		   *	    pop    ecx
 000000C8  5A		   *	    pop    edx
 000000C9  58		   *	    pop    eax
 000000CA  C3		   *	    ret    00000h
 000000CB			askName endp

				;---------------------------------FUNCTION TO DISPLAY MAIN MENU-----------------------------------
				;function executes at runtime or when user enters a 2 or 3, and after every game if the user chooses to play again
 000000CB			mainMenu PROC USES EDX EAX
 000000CB  52		   *	    push   edx
 000000CC  50		   *	    push   eax
 000000CD  E8 00000000 E		call Clrscr
 000000D2  BA 000002BD R		mov edx, offset MMtitle			;title
 000000D7  E8 00000000 E		call WriteString
 000000DC  E8 00000000 E		call Crlf
 000000E1  BA 000002C7 R		mov edx, offset MMplay			;play
 000000E6  E8 00000000 E		call WriteString
 000000EB  E8 00000000 E		call Crlf
 000000F0  BA 000002D4 R		mov edx, offset MMinstructions		;instructions
 000000F5  E8 00000000 E		call WriteString
 000000FA  E8 00000000 E		call Crlf
 000000FF  BA 000002E4 R		mov edx, offset MMstats			;stats
 00000104  E8 00000000 E		call WriteString
 00000109  E8 00000000 E		call Crlf
 0000010E  BA 000002F1 R		mov edx, offset MMexit			;exit
 00000113  E8 00000000 E		call WriteString
 00000118  E8 00000000 E		call Crlf
 0000011D  E8 00000000 E		call Crlf
 00000122  BA 000002F9 R		mov edx, offset MMprompt		;prompt
 00000127  E8 00000000 E		call WriteString

 0000012C  33 C0			xor eax, eax
 0000012E  E8 00000000 E		call ReadChar
 00000133  A2 000002BC R		mov MM, al

					ret
 00000138  58		   *	    pop    eax
 00000139  5A		   *	    pop    edx
 0000013A  C3		   *	    ret    00000h
 0000013B			mainMenu endp

				;---------------------------------FUNCTION FOR INSTRUCTIONS-----------------------------------
				;user must enter a 2 in main menu function
 0000013B			instructions PROC USES EDX EAX
 0000013B  52		   *	    push   edx
 0000013C  50		   *	    push   eax
 0000013D  E8 00000000 E		call Clrscr
 00000142  BA 000003D0 R		mov edx, offset instructionsTitle		;display instruction title
 00000147  E8 00000000 E		call WriteString
 0000014C  E8 00000000 E		call Crlf
					
 00000151  BA 0000035C R		mov edx, offset instruct				;display instructions
 00000156  E8 00000000 E		call WriteString
 0000015B  E8 00000000 E		call Crlf
 00000160  E8 00000000 E		call Crlf
					
 00000165  E8 0000075C			call sysPause

					ret
 0000016A  58		   *	    pop    eax
 0000016B  5A		   *	    pop    edx
 0000016C  C3		   *	    ret    00000h
 0000016D			instructions endp

				;---------------------------------FUNCTION TO DISPLAY STATS-----------------------------------
				;user must enter 3 in main menu function
 0000016D			displayStats PROC USES EDX EAX	
 0000016D  52		   *	    push   edx
 0000016E  50		   *	    push   eax
 0000016F  E8 00000000 E		call Clrscr

 00000174  BA 0000003C R		mov edx, offset p1Name			;name of player --> scorePrompt --> score
 00000179  E8 00000000 E		call WriteString
 0000017E  BA 00000574 R		mov edx, offset scorePrompt
 00000183  E8 00000000 E		call WriteString
 00000188  A1 0000057F R		mov eax, p1Score
 0000018D  E8 00000000 E		call WriteInt
 00000192  E8 00000000 E		call Crlf

 00000197  BA 0000017C R		mov edx, offset p2Name
 0000019C  E8 00000000 E		call WriteString
 000001A1  BA 00000574 R		mov edx, offset scorePrompt
 000001A6  E8 00000000 E		call WriteString
 000001AB  A1 00000583 R		mov eax, p2Score
 000001B0  E8 00000000 E		call WriteInt
 000001B5  E8 00000000 E		call Crlf

 000001BA  E8 00000707			call sysPause

				    ret
 000001BF  58		   *	    pop    eax
 000001C0  5A		   *	    pop    edx
 000001C1  C3		   *	    ret    00000h
 000001C2			displayStats endp

				;---------------------------------FUNCTION TO PLAY GAME-----------------------------------
				;user must enter 1 in main menu function
 000001C2			playGame PROC USES EDX
 000001C2  52		   *	    push   edx
 000001C3  E8 00000000 E		call Clrscr
 000001C8  E8 000000FA			call emptyBoard
 000001CD  E8 00000116			call displayBoard
 000001D2			Game:
 000001D2  83 3D 000004BD R		cmp curCol, -1
	   FF
 000001D9  74 47			je ChooseRow
 000001DB  83 3D 0000055D R			cmp player, 15
	   0F
 000001E2  75 20				jne elseP2
 000001E4  BA 0000003C R				mov edx, offset p1Name
 000001E9  E8 00000000 E				call WriteString
 000001EE  BA 000004C5 R				mov edx, offset tileDropPrompt
 000001F3  E8 00000000 E				call WriteString
 000001F8  C7 05 0000055D R				mov player, 254
	   000000FE
 00000202  EB 1E					jmp ChooseRow
 00000204					elseP2:
 00000204  BA 0000017C R				mov edx, offset p2Name
 00000209  E8 00000000 E				call WriteString
 0000020E  BA 000004C5 R				mov edx, offset tileDropPrompt
 00000213  E8 00000000 E				call WriteString
 00000218  C7 05 0000055D R				mov player, 15
	   0000000F
 00000222				ChooseRow:
 00000222  83 3D 000004C1 R			cmp placed, 42		;if board is full then game over
	   2A
 00000229  74 33				je Place
 0000022B  E8 00000000 E				call ReadInt	;otherwise read in char from user
 00000230  A3 000004B9 R				mov colChoice, eax	
 00000235  FF 0D 000004B9 R				dec colChoice
 0000023B  83 3D 000004B9 R				cmp colChoice, 7	;ensure row choice is valid
	   07
 00000242  72 1A					jb Place
 00000244  83 3D 000004B9 R				cmp colChoice, 0
	   00
 0000024B  73 11					jae Place
 0000024D  BA 00000536 R					mov edx, offset invalidB
 00000252  E8 00000000 E					call WriteString
 00000257  E8 00000000 E					call Crlf
 0000025C  EB C4			jmp ChooseRow		;while (true)
 0000025E				Place:
 0000025E  83 3D 000004C1 R		cmp placed, 42		;if the board is full game over
	   2A
 00000265  74 4A				je GameOver
 00000267  E8 00000147				call placeTile	;otherwise call placeTile to set curCol
 0000026C  83 3D 000004BD R		cmp curCol, -1
	   FF
 00000273  75 11				jne checkWin		;if curCol is -1 then the column is full
 00000275  BA 00000506 R			mov edx, offset invalidCol
 0000027A  E8 00000000 E			call WriteString
 0000027F  E8 00000000 E			call Crlf
 00000284  EB 9C				jmp ChooseRow
 00000286				checkWin:				;otherwise check for a win
 00000286  83 3D 000004C1 R			cmp placed, 6
	   06
 0000028D  72 05				jb Enough
 0000028F  E8 000001AC					call check		;check for a win and change the value of win if someone won to exit loop
 00000294					Enough:
 00000294  FF 05 000004C1 R			inc placed
 0000029A  E8 00000000 E			call Clrscr
 0000029F  E8 00000044				call displayBoard
 000002A4  80 3D 0000055C R	cmp win, 48
	   30
 000002AB  0F 84 FFFFFF21	je Game						;WILL THIS JUMP TO THE TOP?

 000002B1			GameOver:
 000002B1  E8 00000000 E		call Clrscr
 000002B6  E8 0000002D			call displayBoard
 000002BB  E8 00000583			call updateStats			;announces winner and updates scores
 000002C0  E8 00000601			call sysPause				;system("Pause")

					ret
 000002C5  5A		   *	    pop    edx
 000002C6  C3		   *	    ret    00000h
 000002C7			playGame endp

				;-------------------------------FUNCTION TO EMPTY BOARD-------------------------------------
				;empty at begining of game only before anyone places a tile
 000002C7			emptyBoard PROC USES ECX EAX EBX ESI					
 000002C7  51		   *	    push   ecx
 000002C8  50		   *	    push   eax
 000002C9  53		   *	    push   ebx
 000002CA  56		   *	    push   esi
 000002CB  BE 000003FA R		mov esi, offset board
 000002D0  8B 1D 000004A6 R		mov ebx, blank
 000002D6  33 C0			xor eax, eax
 000002D8  B9 0000002A		   	mov ecx, 42
 000002DD			    Loop1:
 000002DD  89 1C 86				mov [esi + eax * 4], ebx
 000002E0  40					inc eax
 000002E1  E2 FA			loop Loop1

					ret
 000002E3  5E		   *	    pop    esi
 000002E4  5B		   *	    pop    ebx
 000002E5  58		   *	    pop    eax
 000002E6  59		   *	    pop    ecx
 000002E7  C3		   *	    ret    00000h
 000002E8			emptyBoard endp

				;---------------------------------FUNCTION TO DISPLAY BOARD----------------------------------- 
				;display board at beginning and end of game and any time a change is made to the state of the baord (e.g. player drops a tile)
 000002E8			displayBoard PROC USES EAX ECX
 000002E8  50		   *	    push   eax
 000002E9  51		   *	    push   ecx
 000002EA  B8 0000001F			mov eax, white+(blue*16)
 000002EF  E8 00000000 E		call settextcolor
 000002F4  E8 00000000 E		call Clrscr
				 
 000002F9  B9 00000006			mov ecx, 6
 000002FE  C7 05 000004A2 R		mov i, 6
	   00000006
 00000308				Loop4:
 00000308  E8 0000000B				call setRow
 0000030D  FF 0D 000004A2 R			dec i
 00000313  E2 F3			loop Loop4 
					ret
 00000315  59		   *	    pop    ecx
 00000316  58		   *	    pop    eax
 00000317  C3		   *	    ret    00000h
 00000318			displayBoard endp

				;-------------------------------FUNCTION TO CREATE A ROW OF THE BOARD-------------------------------------
				;called everytime display board is called
 00000318			setRow PROC USES EAX ECX           ;outputs a row of boxes using ascii characters
 00000318  50		   *	    push   eax
 00000319  51		   *	    push   ecx
 0000031A  B9 00000007			mov ecx, 7
 0000031F				Loop1:                                          ;ouputs first third of a row of 7 boxes
 0000031F  B0 DA				mov al, 218
 00000321  E8 00000000 E			call Writechar
 00000326  B0 C4				mov al, 196
 00000328  E8 00000000 E			call Writechar
 0000032D  B0 BF				mov al, 191
 0000032F  E8 00000000 E			call Writechar
 00000334  A0 000004A6 R			mov al, BYTE PTR blank
 00000339  E8 00000000 E			call Writechar
 0000033E  E2 DF			loop Loop1
 00000340  E8 00000000 E		call crlf
				 
 00000345  B9 00000007			mov ecx, 7
 0000034A				Loop2:                                          ;ouputs second third of a row of 7 boxes
 0000034A  B0 B3				mov al, 179
 0000034C  E8 00000000 E			call Writechar
 00000351  BE 000003FA R			mov esi, offset board
 00000356  A1 000004A2 R			mov eax, i
 0000035B  F7 25 000004B1 R			mul seven
 00000361  51					push ecx
 00000362  03 C8				add ecx, eax
 00000364  8A 04 31				mov al, BYTE PTR [esi + ecx]			;(board[curCol(j) + curRow(i) * 7]) i = ecx of first loop, j = ecx of second loop
 00000367  E8 00000000 E			call Writechar
 0000036C  59					pop ecx
 0000036D  B0 B3				mov al, 179
 0000036F  E8 00000000 E			call Writechar
 00000374  A0 000004A6 R			mov al, BYTE PTR blank
 00000379  E8 00000000 E			call Writechar
 0000037E  E2 CA			loop Loop2
 00000380  E8 00000000 E		call crlf
				 
 00000385  B9 00000007			mov ecx, 7
 0000038A				Loop3:                                          ;ouputs last third of a row of 7 boxes
 0000038A  B0 C0				mov al, 192
 0000038C  E8 00000000 E			call Writechar
 00000391  B0 C4				mov al, 196
 00000393  E8 00000000 E			call Writechar
 00000398  B0 D9				mov al, 217
 0000039A  E8 00000000 E			call Writechar
 0000039F  A0 000004A6 R			mov al, BYTE PTR blank
 000003A4  E8 00000000 E			call Writechar
 000003A9  E2 DF			loop Loop3
 000003AB  E8 00000000 E		call crlf
					ret
 000003B0  59		   *	    pop    ecx
 000003B1  58		   *	    pop    eax
 000003B2  C3		   *	    ret    00000h
 000003B3			setRow endp

				;--------------------------------FUNCTION TO PLACE TILE------------------------------------
				;placce tile is called when the user choses a column IF placed != 42 and IF colChoice is valid (between 0 and 7)
 000003B3			placeTile PROC USES EAX EBX ECX   ;(int col == DWORD colChoice)
 000003B3  50		   *	    push   eax
 000003B4  53		   *	    push   ebx
 000003B5  51		   *	    push   ecx
 000003B6  C7 05 000004B5 R		mov validPlace, 5
	   00000005
 000003C0  A1 000004B9 R		mov eax, colChoice
					.IF board[eax] == " "
 000003C5  83 B8 000003FA R
	   20		   *	    cmp    board + [eax], ' '
 000003CC  75 64	   *	    jne    @C0001

						;get column
						;mov row, 5			
										
 000003CE					top:
 000003CE  A1 000004B5 R				mov eax, validPlace
 000003D3  F7 25 000004B1 R				mul seven
 000003D9  03 05 000004B9 R				add eax, colChoice
							.IF	board[eax] == " "	;check to see if spot is not filled
 000003DF  83 B8 000003FA R
	   20		   *	    cmp    board + [eax], ' '
 000003E6  75 08	   *	    jne    @C0003
 000003E8  FF 0D 000004B5 R					dec validPlace
							.ELSE 
 000003EE  EB 02	   *	    jmp    @C0005
 000003F0		   *@C0003:
 000003F0  EB 02						jmp ifequ
							.ENDIF
							;dec validPlace
 000003F2		   *@C0005:
 000003F2  EB DA				jmp top

 000003F4					ifequ:
							.IF validPlace ==  5		;test i == 5
 000003F4  83 3D 000004B5 R
	   05		   *	    cmp    validPlace, 005h
 000003FB  75 02	   *	    jne    @C0006
 000003FD  EB 06						jmp place
							.ENDIF
						
 000003FF		   *@C0006:
 000003FF  FF 0D 000004B5 R			dec validPlace				

 00000405					place:				;LOOK AT C++ CODE AND MODEL FUNCTION AFTER THAT
 00000405  A1 000004B5 R				mov eax, validPlace
 0000040A  F7 25 000004B1 R				mul seven
 00000410  03 05 000004B9 R				add eax, colChoice
 00000416  8B 1D 0000055D R				mov ebx, player
 0000041C  89 98 000003FA R				mov board[eax], ebx		;drop player tile into column
 00000422  8B 0D 000004B5 R				mov ecx, validPlace
 00000428  89 0D 000004BD R				mov curCol, ecx			;set the "return" value	
							ret
 0000042E  59		   *	    pop    ecx
 0000042F  5B		   *	    pop    ebx
 00000430  58		   *	    pop    eax
 00000431  C3		   *	    ret    00000h
					.ENDIF
 00000432		   *@C0001:
 00000432  C7 05 000004BD R		mov curCol, -1
	   FFFFFFFF
					ret
 0000043C  59		   *	    pop    ecx
 0000043D  5B		   *	    pop    ebx
 0000043E  58		   *	    pop    eax
 0000043F  C3		   *	    ret    00000h
 00000440			placeTile endp

				;---------------------------------FUNCTION TO CHECK FOR A WINNER-----------------------------------
				;once placed > 6 everytime a tile is placed the function is called as long as placed != 42 and curCol != -1 (meaning the curCol is full)
 00000440			check PROC USES EAX EBX EDX
 00000440  50		   *	    push   eax
 00000441  53		   *	    push   ebx
 00000442  52		   *	    push   edx
 00000443  A0 000004B9 R		mov al, BYTE PTR colChoice
 00000448  A2 000004AF R		mov col,al
 0000044D  A0 000004BD R		mov al, BYTE PTR curCol
 00000452  A2 000004B0 R		mov row,al

					;check horizontal
					;go left
					.WHILE col > 0
 00000457  EB 58	   *	    jmp    @C0008
 00000459		   *@C0009:
 00000459  A1 000004BD R			mov eax,curCol
 0000045E  F7 25 000004B1 R			mul seven
 00000464  03 05 000004B9 R			add eax,colChoice
 0000046A  8B D8				mov ebx,eax
 0000046C  0F B6 05				movzx eax,row
	   000004B0 R
 00000473  F7 25 000004B1 R			mul seven
 00000479  02 05 000004AE R			add al,(col - 1)
 0000047F  8B 90 000003FA R			mov edx,board[eax]
						.IF board[ebx] == edx
 00000485  39 93 000003FA R *	    cmp    board + [ebx], edx
 0000048B  75 1C	   *	    jne    @C000A
 0000048D  FE 05 000004AE R				inc inarow
							.IF inarow == 4
 00000493  80 3D 000004AE R
	   04		   *	    cmp    inarow, 004h
 0000049A  75 0F	   *	    jne    @C000C
 0000049C  C6 05 0000055C R					mov win,49
	   31
								ret
 000004A3  5A		   *	    pop    edx
 000004A4  5B		   *	    pop    ebx
 000004A5  58		   *	    pop    eax
 000004A6  C3		   *	    ret    00000h
							.ENDIF
						.ELSE
 000004A7  EB 02	   *	    jmp    @C000E
 000004A9		   *@C000A:
 000004A9  EB 0F					jmp next1
						.ENDIF
 000004AB		   *@C000E:
 000004AB		   *@C000C:
 000004AB  FE 0D 000004AF R			dec col
					.ENDW
 000004B1		   *@C0008:
 000004B1  80 3D 000004AF R
	   00		   *	    cmp    col, 000h
 000004B8  77 9F	   *	    ja	@C0009
 000004BA				next1:
 000004BA  A0 000004B9 R		mov al, BYTE PTR colChoice
 000004BF  A2 000004AF R		mov col,al

					;go right
					.WHILE col < 6
 000004C4  EB 58	   *	    jmp    @C0010
 000004C6		   *@C0011:
 000004C6  A1 000004BD R			mov eax,curCol
 000004CB  F7 25 000004B1 R			mul seven
 000004D1  03 05 000004B9 R			add eax,colChoice
 000004D7  8B D8				mov ebx,eax
 000004D9  0F B6 05				movzx eax,row
	   000004B0 R
 000004E0  F7 25 000004B1 R			mul seven
 000004E6  02 05 000004B0 R			add al,col+1
 000004EC  8B 90 000003FA R			mov edx,board[eax]
						.IF board[ebx] == edx
 000004F2  39 93 000003FA R *	    cmp    board + [ebx], edx
 000004F8  75 1C	   *	    jne    @C0012
 000004FA  FE 05 000004AE R				inc inarow
							.IF inarow == 4
 00000500  80 3D 000004AE R
	   04		   *	    cmp    inarow, 004h
 00000507  75 0F	   *	    jne    @C0014
 00000509  C6 05 0000055C R					mov win,49
	   31
								ret
 00000510  5A		   *	    pop    edx
 00000511  5B		   *	    pop    ebx
 00000512  58		   *	    pop    eax
 00000513  C3		   *	    ret    00000h
							.ENDIF
						.ELSE
 00000514  EB 02	   *	    jmp    @C0016
 00000516		   *@C0012:
 00000516  EB 0F					jmp next2
						.ENDIF
 00000518		   *@C0016:
 00000518		   *@C0014:
 00000518  FE 05 000004AF R			inc col
					.ENDW
 0000051E		   *@C0010:
 0000051E  80 3D 000004AF R
	   06		   *	    cmp    col, 006h
 00000525  72 9F	   *	    jb	@C0011
 00000527				next2:
 00000527  C6 05 000004AE R		mov inarow,1
	   01
 0000052E  A0 000004B9 R		mov al, BYTE PTR colChoice
 00000533  A2 000004AF R		mov col,al

					;check vertical
					;go up
					.WHILE row > 0
 00000538  EB 58	   *	    jmp    @C0018
 0000053A		   *@C0019:
 0000053A  A1 000004BD R			mov eax,curCol
 0000053F  F7 25 000004B1 R			mul seven
 00000545  03 05 000004B9 R			add eax,colChoice
 0000054B  8B D8				mov ebx,eax
 0000054D  0F B6 05				movzx eax,(row - 1)
	   000004AF R
 00000554  F7 25 000004B1 R			mul seven
 0000055A  02 05 000004AF R			add al,col
 00000560  8B 90 000003FA R			mov edx,board[eax]
						.IF board[ebx] == edx
 00000566  39 93 000003FA R *	    cmp    board + [ebx], edx
 0000056C  75 1C	   *	    jne    @C001A
 0000056E  FE 05 000004AE R				inc inarow
							.IF inarow ==4
 00000574  80 3D 000004AE R
	   04		   *	    cmp    inarow, 004h
 0000057B  75 0F	   *	    jne    @C001C
 0000057D  C6 05 0000055C R					mov win,49
	   31
								ret
 00000584  5A		   *	    pop    edx
 00000585  5B		   *	    pop    ebx
 00000586  58		   *	    pop    eax
 00000587  C3		   *	    ret    00000h
							.ENDIF
						.ELSE
 00000588  EB 02	   *	    jmp    @C001E
 0000058A		   *@C001A:
 0000058A  EB 0F					jmp next3
						.ENDIF
 0000058C		   *@C001E:
 0000058C		   *@C001C:
 0000058C  FE 0D 000004B0 R			dec row
					.ENDW
 00000592		   *@C0018:
 00000592  80 3D 000004B0 R
	   00		   *	    cmp    row, 000h
 00000599  77 9F	   *	    ja	@C0019
 0000059B				next3:
 0000059B  A0 000004BD R		mov al, BYTE PTR curCol
 000005A0  A2 000004B0 R		mov row,al

					;go down
					.WHILE row < 5
 000005A5  EB 58	   *	    jmp    @C0020
 000005A7		   *@C0021:
 000005A7  A1 000004BD R			mov eax,curCol
 000005AC  F7 25 000004B1 R			mul seven
 000005B2  03 05 000004B9 R			add eax,colChoice
 000005B8  8B D8				mov ebx,eax
 000005BA  0F B6 05				movzx eax,(row+1)
	   000004B1 R
 000005C1  F7 25 000004B1 R			mul seven
 000005C7  02 05 000004AF R			add al,col
 000005CD  8B 90 000003FA R			mov edx,board[eax]
						.IF board[ebx] == edx
 000005D3  39 93 000003FA R *	    cmp    board + [ebx], edx
 000005D9  75 1C	   *	    jne    @C0022
 000005DB  FE 05 000004AE R				inc inarow
							.IF inarow ==4
 000005E1  80 3D 000004AE R
	   04		   *	    cmp    inarow, 004h
 000005E8  75 0F	   *	    jne    @C0024
 000005EA  C6 05 0000055C R					mov win,49
	   31
								ret
 000005F1  5A		   *	    pop    edx
 000005F2  5B		   *	    pop    ebx
 000005F3  58		   *	    pop    eax
 000005F4  C3		   *	    ret    00000h
							.ENDIF
						.ELSE
 000005F5  EB 02	   *	    jmp    @C0026
 000005F7		   *@C0022:
 000005F7  EB 0F					jmp next4
						.ENDIF
 000005F9		   *@C0026:
 000005F9		   *@C0024:
 000005F9  FE 05 000004B0 R			inc row
					.ENDW
 000005FF		   *@C0020:
 000005FF  80 3D 000004B0 R
	   05		   *	    cmp    row, 005h
 00000606  72 9F	   *	    jb	@C0021
 00000608				next4:
 00000608  C6 05 000004AE R		mov inarow,1
	   01
 0000060F  A0 000004BD R		mov al, BYTE PTR curCol
 00000614  A2 000004B0 R		mov row,al

					;check diagonally (/)
					;go up-right
					.WHILE col < 6 && row >0
 00000619  EB 5E	   *	    jmp    @C0028
 0000061B		   *@C0029:
 0000061B  A1 000004BD R			mov eax,curCol
 00000620  F7 25 000004B1 R			mul seven
 00000626  03 05 000004B9 R			add eax,colChoice
 0000062C  8B D8				mov ebx,eax
 0000062E  0F B6 05				movzx eax,(row - 1)
	   000004AF R
 00000635  F7 25 000004B1 R			mul seven
 0000063B  02 05 000004B0 R			add al,(col+1)
 00000641  8B 90 000003FA R			mov edx,board[eax]
						.IF board[ebx] == edx
 00000647  39 93 000003FA R *	    cmp    board + [ebx], edx
 0000064D  75 1C	   *	    jne    @C002A
 0000064F  FE 05 000004AE R				inc inarow
							.IF inarow == 4
 00000655  80 3D 000004AE R
	   04		   *	    cmp    inarow, 004h
 0000065C  75 0F	   *	    jne    @C002C
 0000065E  C6 05 0000055C R					mov win,49
	   31
								ret
 00000665  5A		   *	    pop    edx
 00000666  5B		   *	    pop    ebx
 00000667  58		   *	    pop    eax
 00000668  C3		   *	    ret    00000h
							.ENDIF
						.ELSE
 00000669  EB 02	   *	    jmp    @C002E
 0000066B		   *@C002A:
 0000066B  EB 1E					jmp next5
						.ENDIF
 0000066D		   *@C002E:
 0000066D		   *@C002C:
 0000066D  FE 0D 000004B0 R			dec row
 00000673  FE 05 000004AF R			inc col
					.ENDW
 00000679		   *@C0028:
 00000679  80 3D 000004AF R
	   06		   *	    cmp    col, 006h
 00000680  73 09	   *	    jae    @C002F
 00000682  80 3D 000004B0 R
	   00		   *	    cmp    row, 000h
 00000689  77 90	   *	    ja	@C0029
 0000068B		   *@C002F:
 0000068B				next5:
 0000068B  A0 000004BD R		mov al, BYTE PTR curCol
 00000690  A2 000004B0 R		mov row,al
 00000695  A0 000004B9 R		mov al,BYTE PTR colChoice
 0000069A  A2 000004AF R		mov col,al

					;go down-left
					.WHILE col > 0 && row < 5
 0000069F  EB 5E	   *	    jmp    @C0031
 000006A1		   *@C0032:
 000006A1  A1 000004BD R			mov eax,curCol
 000006A6  F7 25 000004B1 R			mul seven
 000006AC  03 05 000004B9 R			add eax,colChoice
 000006B2  8B D8				mov ebx,eax
 000006B4  0F B6 05				movzx eax,(row+1)
	   000004B1 R
 000006BB  F7 25 000004B1 R			mul seven
 000006C1  02 05 000004AE R			add al,(col-1)
 000006C7  8B 90 000003FA R			mov edx,board[eax]
						.IF board[ebx] == edx
 000006CD  39 93 000003FA R *	    cmp    board + [ebx], edx
 000006D3  75 1C	   *	    jne    @C0033
 000006D5  FE 05 000004AE R				inc inarow
							.IF inarow ==4
 000006DB  80 3D 000004AE R
	   04		   *	    cmp    inarow, 004h
 000006E2  75 0F	   *	    jne    @C0035
 000006E4  C6 05 0000055C R					mov win,49
	   31
								ret
 000006EB  5A		   *	    pop    edx
 000006EC  5B		   *	    pop    ebx
 000006ED  58		   *	    pop    eax
 000006EE  C3		   *	    ret    00000h
							.ENDIF
						.ELSE
 000006EF  EB 02	   *	    jmp    @C0037
 000006F1		   *@C0033:
 000006F1  EB 1E					jmp next6
						.ENDIF
 000006F3		   *@C0037:
 000006F3		   *@C0035:
 000006F3  FE 05 000004B0 R			inc row
 000006F9  FE 0D 000004AF R			dec col
					.ENDW
 000006FF		   *@C0031:
 000006FF  80 3D 000004AF R
	   00		   *	    cmp    col, 000h
 00000706  76 09	   *	    jbe    @C0038
 00000708  80 3D 000004B0 R
	   05		   *	    cmp    row, 005h
 0000070F  72 90	   *	    jb	@C0032
 00000711		   *@C0038:
 00000711				next6:
 00000711  C6 05 000004AE R		mov inarow,1
	   01
 00000718  A0 000004BD R		mov al, BYTE PTR curCol
 0000071D  A2 000004B0 R		mov row,al
 00000722  A0 000004B9 R		mov al, BYTE PTR colChoice
 00000727  A2 000004AF R		mov col,al

					;check diagonally (\)
					;go up-left
					.WHILE col > 0 && row > 0
 0000072C  EB 5E	   *	    jmp    @C003A
 0000072E		   *@C003B:
 0000072E  A1 000004BD R			mov eax,curCol
 00000733  F7 25 000004B1 R			mul seven
 00000739  03 05 000004B9 R			add eax,colChoice
 0000073F  8B D8				mov ebx,eax
 00000741  0F B6 05				movzx eax,(row-1)
	   000004AF R
 00000748  F7 25 000004B1 R			mul seven
 0000074E  02 05 000004AE R			add al,(col-1)
 00000754  8B 90 000003FA R			mov edx,board[eax]
						.IF board[ebx] == edx
 0000075A  39 93 000003FA R *	    cmp    board + [ebx], edx
 00000760  75 1C	   *	    jne    @C003C
 00000762  FE 05 000004AE R				inc inarow
							.IF inarow ==4
 00000768  80 3D 000004AE R
	   04		   *	    cmp    inarow, 004h
 0000076F  75 0F	   *	    jne    @C003E
 00000771  C6 05 0000055C R					mov win,49
	   31
								ret
 00000778  5A		   *	    pop    edx
 00000779  5B		   *	    pop    ebx
 0000077A  58		   *	    pop    eax
 0000077B  C3		   *	    ret    00000h
							.ENDIF
						.ELSE
 0000077C  EB 02	   *	    jmp    @C0040
 0000077E		   *@C003C:
 0000077E  EB 1E					jmp next7
						.ENDIF
 00000780		   *@C0040:
 00000780		   *@C003E:
 00000780  FE 0D 000004B0 R			dec row
 00000786  FE 0D 000004AF R			dec col
					.ENDW
 0000078C		   *@C003A:
 0000078C  80 3D 000004AF R
	   00		   *	    cmp    col, 000h
 00000793  76 09	   *	    jbe    @C0041
 00000795  80 3D 000004B0 R
	   00		   *	    cmp    row, 000h
 0000079C  77 90	   *	    ja	@C003B
 0000079E		   *@C0041:
 0000079E				next7:
 0000079E  A0 000004BD R		mov al, BYTE PTR curCol
 000007A3  A2 000004B0 R		mov row,al
 000007A8  A0 000004B9 R		mov al, BYTE PTR colChoice
 000007AD  A2 000004AF R		mov col,al

					;go down-right
					.WHILE col < 6 && row < 5
 000007B2  EB 5E	   *	    jmp    @C0043
 000007B4		   *@C0044:
 000007B4  A1 000004BD R			mov eax,curCol
 000007B9  F7 25 000004B1 R			mul seven
 000007BF  03 05 000004B9 R			add eax,colChoice
 000007C5  8B D8				mov ebx,eax
 000007C7  0F B6 05				movzx eax,(row+1)
	   000004B1 R
 000007CE  F7 25 000004B1 R			mul seven
 000007D4  02 05 000004B0 R			add al,(col+1)
 000007DA  8B 90 000003FA R			mov edx,board[eax]
						.IF board[ebx] == edx
 000007E0  39 93 000003FA R *	    cmp    board + [ebx], edx
 000007E6  75 1C	   *	    jne    @C0045
 000007E8  FE 05 000004AE R				inc inarow
							.IF inarow ==4
 000007EE  80 3D 000004AE R
	   04		   *	    cmp    inarow, 004h
 000007F5  75 0F	   *	    jne    @C0047
 000007F7  C6 05 0000055C R					mov win,49
	   31
								ret
 000007FE  5A		   *	    pop    edx
 000007FF  5B		   *	    pop    ebx
 00000800  58		   *	    pop    eax
 00000801  C3		   *	    ret    00000h
							.ENDIF
						.ELSE
 00000802  EB 02	   *	    jmp    @C0049
 00000804		   *@C0045:
 00000804  EB 1E					jmp next8
						.ENDIF
 00000806		   *@C0049:
 00000806		   *@C0047:
 00000806  FE 05 000004B0 R			inc row
 0000080C  FE 05 000004AF R			inc col
					.ENDW
 00000812		   *@C0043:
 00000812  80 3D 000004AF R
	   06		   *	    cmp    col, 006h
 00000819  73 09	   *	    jae    @C004A
 0000081B  80 3D 000004B0 R
	   05		   *	    cmp    row, 005h
 00000822  72 90	   *	    jb	@C0044
 00000824		   *@C004A:
 00000824				next8:
 00000824  C6 05 000004AE R		mov inarow,1
	   01
 0000082B  A0 000004BD R		mov al, BYTE PTR curCol
 00000830  A2 000004B0 R		mov row,al
 00000835  A0 000004B9 R		mov al, BYTE PTR colChoice
 0000083A  A2 000004AF R		mov col,al
				    ret
 0000083F  5A		   *	    pop    edx
 00000840  5B		   *	    pop    ebx
 00000841  58		   *	    pop    eax
 00000842  C3		   *	    ret    00000h
 00000843			check endp

				;---------------------------------FUNCTION TO UPDATE STATS-----------------------------------
				;called every time a game ends after the final board is displayed
 00000843			updateStats PROC
 00000843  83 3D 000004C1 R		cmp placed, 42					;if the board is full then its a draw
	   2A
 0000084A  75 1B			jne Next
 0000084C  BA 00000567 R			mov edx, offset drawTxt		
 00000851  E8 00000000 E			call Writestring
 00000856  BA 000003DD R			mov edx, offset anyKey		;similar to system("pause") in c++
 0000085B  E8 00000000 E			call WriteString
 00000860  E8 00000000 E			call ReadChar
 00000865  EB 41				jmp statEnd
 00000867			Next: 
 00000867  83 3D 0000055D R		cmp player, 15			;if player == 15 then player 2 won
	   0F
 0000086E  75 1D			jne IfElse
 00000870  8B 15 0000017C R			mov edx, p2Name
 00000876  E8 00000000 E			call WriteString
 0000087B  BA 00000561 R			mov edx, offset winnerTxt		
 00000880  E8 00000000 E			call Writestring
 00000885  FF 05 0000057F R			inc p1Score
 0000088B  EB 1B				jmp statEnd
 0000088D				IfElse:					;otherwise player 1 wins
 0000088D  8B 15 0000003C R			mov edx, p1Name
 00000893  E8 00000000 E			call WriteString
 00000898  BA 00000561 R			mov edx, offset winnerTxt		
 0000089D  E8 00000000 E			call Writestring
 000008A2  FF 05 00000583 R			inc p2Score
 000008A8			statEnd:
 000008A8  C3			    ret
 000008A9			updateStats endp

				;---------------------------------FUNCTION TO ASK USER IF THEY WANT TO PLAY AGAIN-----------------------------------
				;called at the end of game once a winner is announced
 000008A9			again PROC USES ECX EDX EAX
 000008A9  51		   *	    push   ecx
 000008AA  52		   *	    push   edx
 000008AB  50		   *	    push   eax
 000008AC  BA 00000588 R		mov edx, offset playAgain
 000008B1  E8 00000000 E		call WriteString
 000008B6  33 C0			xor eax, eax
 000008B8  E8 00000000 E		call ReadChar
 000008BD  A2 00000587 R		mov againUser, al

					ret
 000008C2  58		   *	    pop    eax
 000008C3  5A		   *	    pop    edx
 000008C4  59		   *	    pop    ecx
 000008C5  C3		   *	    ret    00000h
 000008C6			again endp

				;---------------------------------FUNCTION THAT MIMICS SYSTEM("PAUSE") IN C++-----------------------------------
				;called at random points within the code, mostly when a message is the last thing to be displayed before clearing the screen or exiting the game 
 000008C6			sysPause PROC USES EDX
 000008C6  52		   *	    push   edx
 000008C7  BA 000003DD R		mov edx, offset anyKey		
 000008CC  E8 00000000 E		call WriteString
 000008D1  E8 00000000 E		call ReadChar

					ret
 000008D6  5A		   *	    pop    edx
 000008D7  C3		   *	    ret    00000h
 000008D8			sysPause endp
				end main
Microsoft (R) Macro Assembler Version 14.00.24210.0	    12/08/16 13:37:59
Connect Four Assembler Cod				     Symbols 2 - 1




Structures and Unions:

                N a m e                  Size
                                         Offset      Type

CONSOLE_CURSOR_INFO  . . . . . .	 00000008
  dwSize . . . . . . . . . . . .	 00000000	 DWord
  bVisible . . . . . . . . . . .	 00000004	 DWord
CONSOLE_SCREEN_BUFFER_INFO . . .	 00000016
  dwSize . . . . . . . . . . . .	 00000000	 DWord
  dwCursorPosition . . . . . . .	 00000004	 DWord
  wAttributes  . . . . . . . . .	 00000008	 Word
  srWindow . . . . . . . . . . .	 0000000A	 QWord
  dwMaximumWindowSize  . . . . .	 00000012	 DWord
COORD  . . . . . . . . . . . . .	 00000004
  X  . . . . . . . . . . . . . .	 00000000	 Word
  Y  . . . . . . . . . . . . . .	 00000002	 Word
FILETIME . . . . . . . . . . . .	 00000008
  loDateTime . . . . . . . . . .	 00000000	 DWord
  hiDateTime . . . . . . . . . .	 00000004	 DWord
FOCUS_EVENT_RECORD . . . . . . .	 00000004
  bSetFocus  . . . . . . . . . .	 00000000	 DWord
FPU_ENVIRON  . . . . . . . . . .	 0000001C
  controlWord  . . . . . . . . .	 00000000	 Word
  statusWord . . . . . . . . . .	 00000004	 Word
  tagWord  . . . . . . . . . . .	 00000008	 Word
  instrPointerOffset . . . . . .	 0000000C	 DWord
  instrPointerSelector . . . . .	 00000010	 DWord
  operandPointerOffset . . . . .	 00000014	 DWord
  operandPointerSelector . . . .	 00000018	 Word
INPUT_RECORD . . . . . . . . . .	 00000014
  EventType  . . . . . . . . . .	 00000000	 Word
  Event  . . . . . . . . . . . .	 00000004	 XmmWord
  bKeyDown . . . . . . . . . . .	 00000000	 DWord
  wRepeatCount . . . . . . . . .	 00000004	 Word
  wVirtualKeyCode  . . . . . . .	 00000006	 Word
  wVirtualScanCode . . . . . . .	 00000008	 Word
  uChar  . . . . . . . . . . . .	 0000000A	 Word
  UnicodeChar  . . . . . . . . .	 00000000	 Word
  AsciiChar  . . . . . . . . . .	 00000000	 Byte
  dwControlKeyState  . . . . . .	 0000000C	 DWord
  dwMousePosition  . . . . . . .	 00000000	 DWord
  dwButtonState  . . . . . . . .	 00000004	 DWord
  dwMouseControlKeyState . . . .	 00000008	 DWord
  dwEventFlags . . . . . . . . .	 0000000C	 DWord
  dwSize . . . . . . . . . . . .	 00000000	 DWord
  dwCommandId  . . . . . . . . .	 00000000	 DWord
  bSetFocus  . . . . . . . . . .	 00000000	 DWord
KEY_EVENT_RECORD . . . . . . . .	 00000010
  bKeyDown . . . . . . . . . . .	 00000000	 DWord
  wRepeatCount . . . . . . . . .	 00000004	 Word
  wVirtualKeyCode  . . . . . . .	 00000006	 Word
  wVirtualScanCode . . . . . . .	 00000008	 Word
  uChar  . . . . . . . . . . . .	 0000000A	 Word
  UnicodeChar  . . . . . . . . .	 00000000	 Word
  AsciiChar  . . . . . . . . . .	 00000000	 Byte
  dwControlKeyState  . . . . . .	 0000000C	 DWord
MENU_EVENT_RECORD  . . . . . . .	 00000004
  dwCommandId  . . . . . . . . .	 00000000	 DWord
MOUSE_EVENT_RECORD . . . . . . .	 00000010
  dwMousePosition  . . . . . . .	 00000000	 DWord
  dwButtonState  . . . . . . . .	 00000004	 DWord
  dwMouseControlKeyState . . . .	 00000008	 DWord
  dwEventFlags . . . . . . . . .	 0000000C	 DWord
SMALL_RECT . . . . . . . . . . .	 00000008
  Left . . . . . . . . . . . . .	 00000000	 Word
  Top  . . . . . . . . . . . . .	 00000002	 Word
  Right  . . . . . . . . . . . .	 00000004	 Word
  Bottom . . . . . . . . . . . .	 00000006	 Word
SYSTEMTIME . . . . . . . . . . .	 00000010
  wYear  . . . . . . . . . . . .	 00000000	 Word
  wMonth . . . . . . . . . . . .	 00000002	 Word
  wDayOfWeek . . . . . . . . . .	 00000004	 Word
  wDay . . . . . . . . . . . . .	 00000006	 Word
  wHour  . . . . . . . . . . . .	 00000008	 Word
  wMinute  . . . . . . . . . . .	 0000000A	 Word
  wSecond  . . . . . . . . . . .	 0000000C	 Word
  wMilliseconds  . . . . . . . .	 0000000E	 Word
WINDOW_BUFFER_SIZE_RECORD  . . .	 00000004
  dwSize . . . . . . . . . . . .	 00000000	 DWord


Segments and Groups:

                N a m e                 Size     Length   Align   Combine Class

FLAT . . . . . . . . . . . . . .	GROUP
STACK  . . . . . . . . . . . . .	32 Bit	 00001000 Para	  Stack	  'STACK'	 
_DATA  . . . . . . . . . . . . .	32 Bit	 000005F9 Para	  Public  'DATA'	
_TEXT  . . . . . . . . . . . . .	32 Bit	 000008D8 Para	  Public  'CODE'	


Procedures, parameters, and locals:

                N a m e                 Type     Value    Attr

CloseFile  . . . . . . . . . . .	P Near	 00000000 FLAT	Length= 00000000 External STDCALL
CloseHandle  . . . . . . . . . .	P Near	 00000000 FLAT	Length= 00000000 External STDCALL
Clrscr . . . . . . . . . . . . .	P Near	 00000000 FLAT	Length= 00000000 External STDCALL
CreateFileA  . . . . . . . . . .	P Near	 00000000 FLAT	Length= 00000000 External STDCALL
CreateOutputFile . . . . . . . .	P Near	 00000000 FLAT	Length= 00000000 External STDCALL
Crlf . . . . . . . . . . . . . .	P Near	 00000000 FLAT	Length= 00000000 External STDCALL
Delay  . . . . . . . . . . . . .	P Near	 00000000 FLAT	Length= 00000000 External STDCALL
DumpMem  . . . . . . . . . . . .	P Near	 00000000 FLAT	Length= 00000000 External STDCALL
DumpRegs . . . . . . . . . . . .	P Near	 00000000 FLAT	Length= 00000000 External STDCALL
ExitProcess  . . . . . . . . . .	P Near	 00000000 FLAT	Length= 00000000 External STDCALL
FileTimeToDosDateTime  . . . . .	P Near	 00000000 FLAT	Length= 00000000 External STDCALL
FileTimeToSystemTime . . . . . .	P Near	 00000000 FLAT	Length= 00000000 External STDCALL
FlushConsoleInputBuffer  . . . .	P Near	 00000000 FLAT	Length= 00000000 External STDCALL
FormatMessageA . . . . . . . . .	P Near	 00000000 FLAT	Length= 00000000 External STDCALL
GetCommandLineA  . . . . . . . .	P Near	 00000000 FLAT	Length= 00000000 External STDCALL
GetCommandTail . . . . . . . . .	P Near	 00000000 FLAT	Length= 00000000 External STDCALL
GetConsoleCP . . . . . . . . . .	P Near	 00000000 FLAT	Length= 00000000 External STDCALL
GetConsoleCursorInfo . . . . . .	P Near	 00000000 FLAT	Length= 00000000 External STDCALL
GetConsoleMode . . . . . . . . .	P Near	 00000000 FLAT	Length= 00000000 External STDCALL
GetConsoleScreenBufferInfo . . .	P Near	 00000000 FLAT	Length= 00000000 External STDCALL
GetDateTime  . . . . . . . . . .	P Near	 00000000 FLAT	Length= 00000000 External STDCALL
GetFileTime  . . . . . . . . . .	P Near	 00000000 FLAT	Length= 00000000 External STDCALL
GetKeyState  . . . . . . . . . .	P Near	 00000000 FLAT	Length= 00000000 External STDCALL
GetLastError . . . . . . . . . .	P Near	 00000000 FLAT	Length= 00000000 External STDCALL
GetLocalTime . . . . . . . . . .	P Near	 00000000 FLAT	Length= 00000000 External STDCALL
GetMaxXY . . . . . . . . . . . .	P Near	 00000000 FLAT	Length= 00000000 External STDCALL
GetMseconds  . . . . . . . . . .	P Near	 00000000 FLAT	Length= 00000000 External STDCALL
GetNumberOfConsoleInputEvents  .	P Near	 00000000 FLAT	Length= 00000000 External STDCALL
GetProcessHeap . . . . . . . . .	P Near	 00000000 FLAT	Length= 00000000 External STDCALL
GetStdHandle . . . . . . . . . .	P Near	 00000000 FLAT	Length= 00000000 External STDCALL
GetSystemTime  . . . . . . . . .	P Near	 00000000 FLAT	Length= 00000000 External STDCALL
GetTextColor . . . . . . . . . .	P Near	 00000000 FLAT	Length= 00000000 External STDCALL
GetTickCount . . . . . . . . . .	P Near	 00000000 FLAT	Length= 00000000 External STDCALL
Gotoxy . . . . . . . . . . . . .	P Near	 00000000 FLAT	Length= 00000000 External STDCALL
HeapAlloc  . . . . . . . . . . .	P Near	 00000000 FLAT	Length= 00000000 External STDCALL
HeapCreate . . . . . . . . . . .	P Near	 00000000 FLAT	Length= 00000000 External STDCALL
HeapDestroy  . . . . . . . . . .	P Near	 00000000 FLAT	Length= 00000000 External STDCALL
HeapFree . . . . . . . . . . . .	P Near	 00000000 FLAT	Length= 00000000 External STDCALL
HeapSize . . . . . . . . . . . .	P Near	 00000000 FLAT	Length= 00000000 External STDCALL
IsDigit  . . . . . . . . . . . .	P Near	 00000000 FLAT	Length= 00000000 External STDCALL
LocalFree  . . . . . . . . . . .	P Near	 00000000 FLAT	Length= 00000000 External STDCALL
MessageBoxA  . . . . . . . . . .	P Near	 00000000 FLAT	Length= 00000000 External STDCALL
MsgBoxAsk  . . . . . . . . . . .	P Near	 00000000 FLAT	Length= 00000000 External STDCALL
MsgBox . . . . . . . . . . . . .	P Near	 00000000 FLAT	Length= 00000000 External STDCALL
OpenInputFile  . . . . . . . . .	P Near	 00000000 FLAT	Length= 00000000 External STDCALL
ParseDecimal32 . . . . . . . . .	P Near	 00000000 FLAT	Length= 00000000 External STDCALL
ParseInteger32 . . . . . . . . .	P Near	 00000000 FLAT	Length= 00000000 External STDCALL
PeekConsoleInputA  . . . . . . .	P Near	 00000000 FLAT	Length= 00000000 External STDCALL
Random32 . . . . . . . . . . . .	P Near	 00000000 FLAT	Length= 00000000 External STDCALL
RandomRange  . . . . . . . . . .	P Near	 00000000 FLAT	Length= 00000000 External STDCALL
Randomize  . . . . . . . . . . .	P Near	 00000000 FLAT	Length= 00000000 External STDCALL
ReadChar . . . . . . . . . . . .	P Near	 00000000 FLAT	Length= 00000000 External STDCALL
ReadConsoleA . . . . . . . . . .	P Near	 00000000 FLAT	Length= 00000000 External STDCALL
ReadConsoleInputA  . . . . . . .	P Near	 00000000 FLAT	Length= 00000000 External STDCALL
ReadDec  . . . . . . . . . . . .	P Near	 00000000 FLAT	Length= 00000000 External STDCALL
ReadFile . . . . . . . . . . . .	P Near	 00000000 FLAT	Length= 00000000 External STDCALL
ReadFloat  . . . . . . . . . . .	P Near	 00000000 FLAT	Length= 00000000 External STDCALL
ReadFromFile . . . . . . . . . .	P Near	 00000000 FLAT	Length= 00000000 External STDCALL
ReadHex  . . . . . . . . . . . .	P Near	 00000000 FLAT	Length= 00000000 External STDCALL
ReadInt  . . . . . . . . . . . .	P Near	 00000000 FLAT	Length= 00000000 External STDCALL
ReadKeyFlush . . . . . . . . . .	P Near	 00000000 FLAT	Length= 00000000 External STDCALL
ReadKey  . . . . . . . . . . . .	P Near	 00000000 FLAT	Length= 00000000 External STDCALL
ReadString . . . . . . . . . . .	P Near	 00000000 FLAT	Length= 00000000 External STDCALL
SetConsoleCursorInfo . . . . . .	P Near	 00000000 FLAT	Length= 00000000 External STDCALL
SetConsoleCursorPosition . . . .	P Near	 00000000 FLAT	Length= 00000000 External STDCALL
SetConsoleMode . . . . . . . . .	P Near	 00000000 FLAT	Length= 00000000 External STDCALL
SetConsoleScreenBufferSize . . .	P Near	 00000000 FLAT	Length= 00000000 External STDCALL
SetConsoleTextAttribute  . . . .	P Near	 00000000 FLAT	Length= 00000000 External STDCALL
SetConsoleTitleA . . . . . . . .	P Near	 00000000 FLAT	Length= 00000000 External STDCALL
SetConsoleWindowInfo . . . . . .	P Near	 00000000 FLAT	Length= 00000000 External STDCALL
SetFilePointer . . . . . . . . .	P Near	 00000000 FLAT	Length= 00000000 External STDCALL
SetLocalTime . . . . . . . . . .	P Near	 00000000 FLAT	Length= 00000000 External STDCALL
SetTextColor . . . . . . . . . .	P Near	 00000000 FLAT	Length= 00000000 External STDCALL
ShowFPUStack . . . . . . . . . .	P Near	 00000000 FLAT	Length= 00000000 External STDCALL
Sleep  . . . . . . . . . . . . .	P Near	 00000000 FLAT	Length= 00000000 External STDCALL
StrLength  . . . . . . . . . . .	P Near	 00000000 FLAT	Length= 00000000 External STDCALL
Str_compare  . . . . . . . . . .	P Near	 00000000 FLAT	Length= 00000000 External STDCALL
Str_copy . . . . . . . . . . . .	P Near	 00000000 FLAT	Length= 00000000 External STDCALL
Str_length . . . . . . . . . . .	P Near	 00000000 FLAT	Length= 00000000 External STDCALL
Str_trim . . . . . . . . . . . .	P Near	 00000000 FLAT	Length= 00000000 External STDCALL
Str_ucase  . . . . . . . . . . .	P Near	 00000000 FLAT	Length= 00000000 External STDCALL
SystemTimeToFileTime . . . . . .	P Near	 00000000 FLAT	Length= 00000000 External STDCALL
WaitMsg  . . . . . . . . . . . .	P Near	 00000000 FLAT	Length= 00000000 External STDCALL
WriteBinB  . . . . . . . . . . .	P Near	 00000000 FLAT	Length= 00000000 External STDCALL
WriteBin . . . . . . . . . . . .	P Near	 00000000 FLAT	Length= 00000000 External STDCALL
WriteChar  . . . . . . . . . . .	P Near	 00000000 FLAT	Length= 00000000 External STDCALL
WriteConsoleA  . . . . . . . . .	P Near	 00000000 FLAT	Length= 00000000 External STDCALL
WriteConsoleOutputAttribute  . .	P Near	 00000000 FLAT	Length= 00000000 External STDCALL
WriteConsoleOutputCharacterA . .	P Near	 00000000 FLAT	Length= 00000000 External STDCALL
WriteDec . . . . . . . . . . . .	P Near	 00000000 FLAT	Length= 00000000 External STDCALL
WriteFile  . . . . . . . . . . .	P Near	 00000000 FLAT	Length= 00000000 External STDCALL
WriteFloat . . . . . . . . . . .	P Near	 00000000 FLAT	Length= 00000000 External STDCALL
WriteHexB  . . . . . . . . . . .	P Near	 00000000 FLAT	Length= 00000000 External STDCALL
WriteHex . . . . . . . . . . . .	P Near	 00000000 FLAT	Length= 00000000 External STDCALL
WriteInt . . . . . . . . . . . .	P Near	 00000000 FLAT	Length= 00000000 External STDCALL
WriteStackFrameName  . . . . . .	P Near	 00000000 FLAT	Length= 00000000 External STDCALL
WriteStackFrame  . . . . . . . .	P Near	 00000000 FLAT	Length= 00000000 External STDCALL
WriteString  . . . . . . . . . .	P Near	 00000000 FLAT	Length= 00000000 External STDCALL
WriteToFile  . . . . . . . . . .	P Near	 00000000 FLAT	Length= 00000000 External STDCALL
WriteWindowsMsg  . . . . . . . .	P Near	 00000000 FLAT	Length= 00000000 External STDCALL
again  . . . . . . . . . . . . .	P Near	 000008A9 _TEXT	Length= 0000001D Public STDCALL
askName  . . . . . . . . . . . .	P Near	 00000088 _TEXT	Length= 00000043 Public STDCALL
check  . . . . . . . . . . . . .	P Near	 00000440 _TEXT	Length= 00000403 Public STDCALL
  next1  . . . . . . . . . . . .	L Near	 000004BA _TEXT	
  next2  . . . . . . . . . . . .	L Near	 00000527 _TEXT	
  next3  . . . . . . . . . . . .	L Near	 0000059B _TEXT	
  next4  . . . . . . . . . . . .	L Near	 00000608 _TEXT	
  next5  . . . . . . . . . . . .	L Near	 0000068B _TEXT	
  next6  . . . . . . . . . . . .	L Near	 00000711 _TEXT	
  next7  . . . . . . . . . . . .	L Near	 0000079E _TEXT	
  next8  . . . . . . . . . . . .	L Near	 00000824 _TEXT	
displayBoard . . . . . . . . . .	P Near	 000002E8 _TEXT	Length= 00000030 Public STDCALL
  Loop4  . . . . . . . . . . . .	L Near	 00000308 _TEXT	
displayStats . . . . . . . . . .	P Near	 0000016D _TEXT	Length= 00000055 Public STDCALL
emptyBoard . . . . . . . . . . .	P Near	 000002C7 _TEXT	Length= 00000021 Public STDCALL
  Loop1  . . . . . . . . . . . .	L Near	 000002DD _TEXT	
instructions . . . . . . . . . .	P Near	 0000013B _TEXT	Length= 00000032 Public STDCALL
mainMenu . . . . . . . . . . . .	P Near	 000000CB _TEXT	Length= 00000070 Public STDCALL
main . . . . . . . . . . . . . .	P Near	 00000000 _TEXT	Length= 00000088 Public STDCALL
  BeginGame  . . . . . . . . . .	L Near	 00000005 _TEXT	
  Next . . . . . . . . . . . . .	L Near	 0000002C _TEXT	
  Next1  . . . . . . . . . . . .	L Near	 0000003C _TEXT	
  Play . . . . . . . . . . . . .	L Near	 00000048 _TEXT	
  EndGame  . . . . . . . . . . .	L Near	 0000006A _TEXT	
placeTile  . . . . . . . . . . .	P Near	 000003B3 _TEXT	Length= 0000008D Public STDCALL
  top  . . . . . . . . . . . . .	L Near	 000003CE _TEXT	
  ifequ  . . . . . . . . . . . .	L Near	 000003F4 _TEXT	
  place  . . . . . . . . . . . .	L Near	 00000405 _TEXT	
playGame . . . . . . . . . . . .	P Near	 000001C2 _TEXT	Length= 00000105 Public STDCALL
  Game . . . . . . . . . . . . .	L Near	 000001D2 _TEXT	
  elseP2 . . . . . . . . . . . .	L Near	 00000204 _TEXT	
  ChooseRow  . . . . . . . . . .	L Near	 00000222 _TEXT	
  Place  . . . . . . . . . . . .	L Near	 0000025E _TEXT	
  checkWin . . . . . . . . . . .	L Near	 00000286 _TEXT	
  Enough . . . . . . . . . . . .	L Near	 00000294 _TEXT	
  GameOver . . . . . . . . . . .	L Near	 000002B1 _TEXT	
printf . . . . . . . . . . . . .	P Near	 00000000 FLAT	Length= 00000000 External C
scanf  . . . . . . . . . . . . .	P Near	 00000000 FLAT	Length= 00000000 External C
setRow . . . . . . . . . . . . .	P Near	 00000318 _TEXT	Length= 0000009B Public STDCALL
  Loop1  . . . . . . . . . . . .	L Near	 0000031F _TEXT	
  Loop2  . . . . . . . . . . . .	L Near	 0000034A _TEXT	
  Loop3  . . . . . . . . . . . .	L Near	 0000038A _TEXT	
sysPause . . . . . . . . . . . .	P Near	 000008C6 _TEXT	Length= 00000012 Public STDCALL
updateStats  . . . . . . . . . .	P Near	 00000843 _TEXT	Length= 00000066 Public STDCALL
  Next . . . . . . . . . . . . .	L Near	 00000867 _TEXT	
  IfElse . . . . . . . . . . . .	L Near	 0000088D _TEXT	
  statEnd  . . . . . . . . . . .	L Near	 000008A8 _TEXT	
wsprintfA  . . . . . . . . . . .	P Near	 00000000 FLAT	Length= 00000000 External C


Symbols:

                N a m e                 Type     Value    Attr

@CodeSize  . . . . . . . . . . .	Number	 00000000h   
@DataSize  . . . . . . . . . . .	Number	 00000000h   
@Interface . . . . . . . . . . .	Number	 00000003h   
@Model . . . . . . . . . . . . .	Number	 00000007h   
@code  . . . . . . . . . . . . .	Text   	 _TEXT
@data  . . . . . . . . . . . . .	Text   	 FLAT
@fardata?  . . . . . . . . . . .	Text   	 FLAT
@fardata . . . . . . . . . . . .	Text   	 FLAT
@stack . . . . . . . . . . . . .	Text   	 FLAT
ALT_MASK . . . . . . . . . . . .	Number	 00000003h   
CAPSLOCK_ON  . . . . . . . . . .	Number	 00000080h   
CREATE_ALWAYS  . . . . . . . . .	Number	 00000002h   
CREATE_NEW . . . . . . . . . . .	Number	 00000001h   
CTRL_MASK  . . . . . . . . . . .	Number	 0000000Ch   
CreateFile . . . . . . . . . . .	Text   	 CreateFileA
DO_NOT_SHARE . . . . . . . . . .	Number	 00000000h   
ENABLE_ECHO_INPUT  . . . . . . .	Number	 00000004h   
ENABLE_LINE_INPUT  . . . . . . .	Number	 00000002h   
ENABLE_MOUSE_INPUT . . . . . . .	Number	 00000010h   
ENABLE_PROCESSED_INPUT . . . . .	Number	 00000001h   
ENABLE_PROCESSED_OUTPUT  . . . .	Number	 00000001h   
ENABLE_WINDOW_INPUT  . . . . . .	Number	 00000008h   
ENABLE_WRAP_AT_EOL_OUTPUT  . . .	Number	 00000002h   
ENHANCED_KEY . . . . . . . . . .	Number	 00000100h   
FALSE  . . . . . . . . . . . . .	Number	 00000000h   
FILE_APPEND_DATA . . . . . . . .	Number	 00000004h   
FILE_ATTRIBUTE_ARCHIVE . . . . .	Number	 00000020h   
FILE_ATTRIBUTE_COMPRESSED  . . .	Number	 00000800h   
FILE_ATTRIBUTE_DEVICE  . . . . .	Number	 00000040h   
FILE_ATTRIBUTE_DIRECTORY . . . .	Number	 00000010h   
FILE_ATTRIBUTE_ENCRYPTED . . . .	Number	 00004000h   
FILE_ATTRIBUTE_HIDDEN  . . . . .	Number	 00000002h   
FILE_ATTRIBUTE_NORMAL  . . . . .	Number	 00000080h   
FILE_ATTRIBUTE_NOT_CONTENT_INDEXED .	Number	 00002000h   
FILE_ATTRIBUTE_OFFLINE . . . . .	Number	 00001000h   
FILE_ATTRIBUTE_READONLY  . . . .	Number	 00000001h   
FILE_ATTRIBUTE_REPARSE_POINT . .	Number	 00000400h   
FILE_ATTRIBUTE_SPARSE_FILE . . .	Number	 00000200h   
FILE_ATTRIBUTE_SYSTEM  . . . . .	Number	 00000004h   
FILE_ATTRIBUTE_TEMPORARY . . . .	Number	 00000100h   
FILE_BEGIN . . . . . . . . . . .	Number	 00000000h   
FILE_CURRENT . . . . . . . . . .	Number	 00000001h   
FILE_DELETE_CHILD  . . . . . . .	Number	 00000040h   
FILE_END . . . . . . . . . . . .	Number	 00000002h   
FILE_READ_DATA . . . . . . . . .	Number	 00000001h   
FILE_SHARE_DELETE  . . . . . . .	Number	 00000004h   
FILE_SHARE_READ  . . . . . . . .	Number	 00000001h   
FILE_SHARE_WRITE . . . . . . . .	Number	 00000002h   
FILE_WRITE_DATA  . . . . . . . .	Number	 00000002h   
FOCUS_EVENT  . . . . . . . . . .	Number	 00000010h   
FORMAT_MESSAGE_ALLOCATE_BUFFER .	Number	 00000100h   
FORMAT_MESSAGE_FROM_SYSTEM . . .	Number	 00001000h   
FormatMessage  . . . . . . . . .	Text   	 FormatMessageA
GENERIC_ALL  . . . . . . . . . .	Number	 10000000h   
GENERIC_EXECUTE  . . . . . . . .	Number	 20000000h   
GENERIC_READ . . . . . . . . . .	Number	 -80000000h   
GENERIC_WRITE  . . . . . . . . .	Number	 40000000h   
GetCommandLine . . . . . . . . .	Text   	 GetCommandLineA
HANDLE . . . . . . . . . . . . .	Text   	 DWORD
HEAP_GENERATE_EXCEPTIONS . . . .	Number	 00000004h   
HEAP_GROWABLE  . . . . . . . . .	Number	 00000002h   
HEAP_NO_SERIALIZE  . . . . . . .	Number	 00000001h   
HEAP_REALLOC_IN_PLACE_ONLY . . .	Number	 00000010h   
HEAP_ZERO_MEMORY . . . . . . . .	Number	 00000008h   
IDABORT  . . . . . . . . . . . .	Number	 00000003h   
IDCANCEL . . . . . . . . . . . .	Number	 00000002h   
IDCLOSE  . . . . . . . . . . . .	Number	 00000008h   
IDCONTINUE . . . . . . . . . . .	Number	 0000000Bh   
IDHELP . . . . . . . . . . . . .	Number	 00000009h   
IDIGNORE . . . . . . . . . . . .	Number	 00000005h   
IDNO . . . . . . . . . . . . . .	Number	 00000007h   
IDOK . . . . . . . . . . . . . .	Number	 00000001h   
IDRETRY  . . . . . . . . . . . .	Number	 00000004h   
IDTIMEOUT  . . . . . . . . . . .	Number	 00007D00h   
IDTRYAGAIN . . . . . . . . . . .	Number	 0000000Ah   
IDYES  . . . . . . . . . . . . .	Number	 00000006h   
INVALID_HANDLE_VALUE . . . . . .	Number	 -00000001h   
KBDOWN_FLAG  . . . . . . . . . .	Number	 00000001h   
KEY_EVENT  . . . . . . . . . . .	Number	 00000001h   
KEY_MASKS  . . . . . . . . . . .	Number	 0000001Fh   
LEFT_ALT_PRESSED . . . . . . . .	Number	 00000002h   
LEFT_CTRL_PRESSED  . . . . . . .	Number	 00000008h   
MB_ABORTRETRYIGNORE  . . . . . .	Number	 00000002h   
MB_APPLMODAL . . . . . . . . . .	Number	 00000000h   
MB_CANCELTRYCONTINUE . . . . . .	Number	 00000006h   
MB_DEFBUTTON1  . . . . . . . . .	Number	 00000000h   
MB_DEFBUTTON2  . . . . . . . . .	Number	 00000100h   
MB_DEFBUTTON3  . . . . . . . . .	Number	 00000200h   
MB_DEFBUTTON4  . . . . . . . . .	Number	 00000300h   
MB_HELP  . . . . . . . . . . . .	Number	 00004000h   
MB_ICONASTERISK  . . . . . . . .	Number	 00000040h   
MB_ICONERROR . . . . . . . . . .	Number	 00000010h   
MB_ICONEXCLAMATION . . . . . . .	Number	 00000030h   
MB_ICONHAND  . . . . . . . . . .	Number	 00000010h   
MB_ICONINFORMATION . . . . . . .	Number	 00000040h   
MB_ICONQUESTION  . . . . . . . .	Number	 00000020h   
MB_ICONSTOP  . . . . . . . . . .	Number	 00000010h   
MB_ICONWARNING . . . . . . . . .	Number	 00000030h   
MB_OKCANCEL  . . . . . . . . . .	Number	 00000001h   
MB_OK  . . . . . . . . . . . . .	Number	 00000000h   
MB_RETRYCANCEL . . . . . . . . .	Number	 00000005h   
MB_SYSTEMMODAL . . . . . . . . .	Number	 00001000h   
MB_TASKMODAL . . . . . . . . . .	Number	 00002000h   
MB_USERICON  . . . . . . . . . .	Number	 00000080h   
MB_YESNOCANCEL . . . . . . . . .	Number	 00000003h   
MB_YESNO . . . . . . . . . . . .	Number	 00000004h   
MENU_EVENT . . . . . . . . . . .	Number	 00000008h   
MMexit . . . . . . . . . . . . .	Byte	 000002F1 _DATA	
MMinstructions . . . . . . . . .	Byte	 000002D4 _DATA	
MMinvalid  . . . . . . . . . . .	Byte	 0000032D _DATA	
MMplay . . . . . . . . . . . . .	Byte	 000002C7 _DATA	
MMprompt . . . . . . . . . . . .	Byte	 000002F9 _DATA	
MMstats  . . . . . . . . . . . .	Byte	 000002E4 _DATA	
MMtitle  . . . . . . . . . . . .	Byte	 000002BD _DATA	
MM . . . . . . . . . . . . . . .	Byte	 000002BC _DATA	
MOUSE_EVENT  . . . . . . . . . .	Number	 00000002h   
MessageBox . . . . . . . . . . .	Text   	 MessageBoxA
NULL . . . . . . . . . . . . . .	Number	 00000000h   
NUMLOCK_ON . . . . . . . . . . .	Number	 00000020h   
OPEN_ALWAYS  . . . . . . . . . .	Number	 00000004h   
OPEN_EXISTING  . . . . . . . . .	Number	 00000003h   
PeekConsoleInput . . . . . . . .	Text   	 PeekConsoleInputA
RIGHT_ALT_PRESSED  . . . . . . .	Number	 00000001h   
RIGHT_CTRL_PRESSED . . . . . . .	Number	 00000004h   
ReadConsoleInput . . . . . . . .	Text   	 ReadConsoleInputA
ReadConsole  . . . . . . . . . .	Text   	 ReadConsoleA
SCROLLLOCK_ON  . . . . . . . . .	Number	 00000040h   
SHIFT_MASK . . . . . . . . . . .	Number	 00000010h   
SHIFT_PRESSED  . . . . . . . . .	Number	 00000010h   
STD_ERROR_HANDLE . . . . . . . .	Number	 -0000000Ch   
STD_INPUT_HANDLE . . . . . . . .	Number	 -0000000Ah   
STD_OUTPUT_HANDLE  . . . . . . .	Number	 -0000000Bh   
SetConsoleTitle  . . . . . . . .	Text   	 SetConsoleTitleA
TAB  . . . . . . . . . . . . . .	Number	 00000009h   
TRUE . . . . . . . . . . . . . .	Number	 00000001h   
TRUNCATE_EXISTING  . . . . . . .	Number	 00000005h   
VK_11  . . . . . . . . . . . . .	Number	 000000BDh   
VK_12  . . . . . . . . . . . . .	Number	 000000BBh   
VK_ADD . . . . . . . . . . . . .	Number	 0000006Bh   
VK_BACK  . . . . . . . . . . . .	Number	 00000008h   
VK_CANCEL  . . . . . . . . . . .	Number	 00000003h   
VK_CAPITAL . . . . . . . . . . .	Number	 00000014h   
VK_CLEAR . . . . . . . . . . . .	Number	 0000000Ch   
VK_CONTROL . . . . . . . . . . .	Number	 00000011h   
VK_DECIMAL . . . . . . . . . . .	Number	 0000006Eh   
VK_DELETE  . . . . . . . . . . .	Number	 0000002Eh   
VK_DIVIDE  . . . . . . . . . . .	Number	 0000006Fh   
VK_DOWN  . . . . . . . . . . . .	Number	 00000028h   
VK_END . . . . . . . . . . . . .	Number	 00000023h   
VK_ESCAPE  . . . . . . . . . . .	Number	 0000001Bh   
VK_EXECUTE . . . . . . . . . . .	Number	 0000002Bh   
VK_F10 . . . . . . . . . . . . .	Number	 00000079h   
VK_F11 . . . . . . . . . . . . .	Number	 0000007Ah   
VK_F12 . . . . . . . . . . . . .	Number	 0000007Bh   
VK_F13 . . . . . . . . . . . . .	Number	 0000007Ch   
VK_F14 . . . . . . . . . . . . .	Number	 0000007Dh   
VK_F15 . . . . . . . . . . . . .	Number	 0000007Eh   
VK_F16 . . . . . . . . . . . . .	Number	 0000007Fh   
VK_F17 . . . . . . . . . . . . .	Number	 00000080h   
VK_F18 . . . . . . . . . . . . .	Number	 00000081h   
VK_F19 . . . . . . . . . . . . .	Number	 00000082h   
VK_F1  . . . . . . . . . . . . .	Number	 00000070h   
VK_F20 . . . . . . . . . . . . .	Number	 00000083h   
VK_F21 . . . . . . . . . . . . .	Number	 00000084h   
VK_F22 . . . . . . . . . . . . .	Number	 00000085h   
VK_F23 . . . . . . . . . . . . .	Number	 00000086h   
VK_F24 . . . . . . . . . . . . .	Number	 00000087h   
VK_F2  . . . . . . . . . . . . .	Number	 00000071h   
VK_F3  . . . . . . . . . . . . .	Number	 00000072h   
VK_F4  . . . . . . . . . . . . .	Number	 00000073h   
VK_F5  . . . . . . . . . . . . .	Number	 00000074h   
VK_F6  . . . . . . . . . . . . .	Number	 00000075h   
VK_F7  . . . . . . . . . . . . .	Number	 00000076h   
VK_F8  . . . . . . . . . . . . .	Number	 00000077h   
VK_F9  . . . . . . . . . . . . .	Number	 00000078h   
VK_HELP  . . . . . . . . . . . .	Number	 0000002Fh   
VK_HOME  . . . . . . . . . . . .	Number	 00000024h   
VK_INSERT  . . . . . . . . . . .	Number	 0000002Dh   
VK_LBUTTON . . . . . . . . . . .	Number	 00000001h   
VK_LCONTROL  . . . . . . . . . .	Number	 000000A2h   
VK_LEFT  . . . . . . . . . . . .	Number	 00000025h   
VK_LMENU . . . . . . . . . . . .	Number	 000000A4h   
VK_LSHIFT  . . . . . . . . . . .	Number	 000000A0h   
VK_MENU  . . . . . . . . . . . .	Number	 00000012h   
VK_MULTIPLY  . . . . . . . . . .	Number	 0000006Ah   
VK_NEXT  . . . . . . . . . . . .	Number	 00000022h   
VK_NUMLOCK . . . . . . . . . . .	Number	 00000090h   
VK_NUMPAD0 . . . . . . . . . . .	Number	 00000060h   
VK_NUMPAD1 . . . . . . . . . . .	Number	 00000061h   
VK_NUMPAD2 . . . . . . . . . . .	Number	 00000062h   
VK_NUMPAD3 . . . . . . . . . . .	Number	 00000063h   
VK_NUMPAD4 . . . . . . . . . . .	Number	 00000064h   
VK_NUMPAD5 . . . . . . . . . . .	Number	 00000065h   
VK_NUMPAD6 . . . . . . . . . . .	Number	 00000066h   
VK_NUMPAD7 . . . . . . . . . . .	Number	 00000067h   
VK_NUMPAD8 . . . . . . . . . . .	Number	 00000068h   
VK_NUMPAD9 . . . . . . . . . . .	Number	 00000069h   
VK_PAUSE . . . . . . . . . . . .	Number	 00000013h   
VK_PRINT . . . . . . . . . . . .	Number	 0000002Ah   
VK_PRIOR . . . . . . . . . . . .	Number	 00000021h   
VK_RBUTTON . . . . . . . . . . .	Number	 00000002h   
VK_RCONTROL  . . . . . . . . . .	Number	 000000A3h   
VK_RETURN  . . . . . . . . . . .	Number	 0000000Dh   
VK_RIGHT . . . . . . . . . . . .	Number	 00000027h   
VK_RMENU . . . . . . . . . . . .	Number	 000000A5h   
VK_RSHIFT  . . . . . . . . . . .	Number	 000000A1h   
VK_SCROLL  . . . . . . . . . . .	Number	 00000091h   
VK_SEPARATER . . . . . . . . . .	Number	 0000006Ch   
VK_SHIFT . . . . . . . . . . . .	Number	 00000010h   
VK_SNAPSHOT  . . . . . . . . . .	Number	 0000002Ch   
VK_SPACE . . . . . . . . . . . .	Number	 00000020h   
VK_SUBTRACT  . . . . . . . . . .	Number	 0000006Dh   
VK_TAB . . . . . . . . . . . . .	Number	 00000009h   
VK_UP  . . . . . . . . . . . . .	Number	 00000026h   
WINDOW_BUFFER_SIZE_EVENT . . . .	Number	 00000004h   
WriteConsoleOutputCharacter  . .	Text   	 WriteConsoleOutputCharacterA
WriteConsole . . . . . . . . . .	Text   	 WriteConsoleA
againUser  . . . . . . . . . . .	Byte	 00000587 _DATA	
anyKey . . . . . . . . . . . . .	Byte	 000003DD _DATA	
black  . . . . . . . . . . . . .	Number	 00000000h   
blank  . . . . . . . . . . . . .	DWord	 000004A6 _DATA	
blue . . . . . . . . . . . . . .	Number	 00000001h   
board  . . . . . . . . . . . . .	DWord	 000003FA _DATA	
brown  . . . . . . . . . . . . .	Number	 00000006h   
colChoice  . . . . . . . . . . .	DWord	 000004B9 _DATA	
col  . . . . . . . . . . . . . .	Byte	 000004AF _DATA	
curCol . . . . . . . . . . . . .	DWord	 000004BD _DATA	
cyan . . . . . . . . . . . . . .	Number	 00000003h   
drawTxt  . . . . . . . . . . . .	Byte	 00000567 _DATA	
endGameMsg . . . . . . . . . . .	Byte	 000005C5 _DATA	
exit . . . . . . . . . . . . . .	Text   	 INVOKE ExitProcess,0
gray . . . . . . . . . . . . . .	Number	 00000008h   
green  . . . . . . . . . . . . .	Number	 00000002h   
inarow . . . . . . . . . . . . .	Byte	 000004AE _DATA	
instructionsTitle  . . . . . . .	Byte	 000003D0 _DATA	
instruct . . . . . . . . . . . .	Byte	 0000035C _DATA	
invalidB . . . . . . . . . . . .	Byte	 00000536 _DATA	
invalidCol . . . . . . . . . . .	Byte	 00000506 _DATA	
i  . . . . . . . . . . . . . . .	DWord	 000004A2 _DATA	
lightBlue  . . . . . . . . . . .	Number	 00000009h   
lightCyan  . . . . . . . . . . .	Number	 0000000Bh   
lightGray  . . . . . . . . . . .	Number	 00000007h   
lightGreen . . . . . . . . . . .	Number	 0000000Ah   
lightMagenta . . . . . . . . . .	Number	 0000000Dh   
lightRed . . . . . . . . . . . .	Number	 0000000Ch   
magenta  . . . . . . . . . . . .	Number	 00000005h   
p1Name . . . . . . . . . . . . .	DWord	 0000003C _DATA	
p1Prompt . . . . . . . . . . . .	Byte	 00000000 _DATA	
p1Score  . . . . . . . . . . . .	DWord	 0000057F _DATA	
p2Name . . . . . . . . . . . . .	DWord	 0000017C _DATA	
p2Prompt . . . . . . . . . . . .	Byte	 0000001E _DATA	
p2Score  . . . . . . . . . . . .	DWord	 00000583 _DATA	
placed . . . . . . . . . . . . .	DWord	 000004C1 _DATA	
playAgain  . . . . . . . . . . .	Byte	 00000588 _DATA	
player . . . . . . . . . . . . .	DWord	 0000055D _DATA	
red  . . . . . . . . . . . . . .	Number	 00000004h   
row  . . . . . . . . . . . . . .	Byte	 000004B0 _DATA	
scorePrompt  . . . . . . . . . .	Byte	 00000574 _DATA	
seven  . . . . . . . . . . . . .	DWord	 000004B1 _DATA	
tileDropPrompt . . . . . . . . .	Byte	 000004C5 _DATA	
validPlace . . . . . . . . . . .	DWord	 000004B5 _DATA	
white  . . . . . . . . . . . . .	Number	 0000000Fh   
winnerTxt  . . . . . . . . . . .	Byte	 00000561 _DATA	
win  . . . . . . . . . . . . . .	Byte	 0000055C _DATA	
wsprintf . . . . . . . . . . . .	Text   	 wsprintfA
yellow . . . . . . . . . . . . .	Number	 0000000Eh   

	   0 Warnings
	   0 Errors
